src/components/Sidebar.tsx(6,5): error TS2724: '"lucide-react"' has no exported member named 'TableList'. Did you mean 'Tablet'?
src/components/Sidebar.tsx(8,5): error TS2305: Module '"lucide-react"' has no exported member 'UsersViewfinder'.
src/context/AuthContext.tsx(2,10): error TS1484: 'User' is a type and must be imported using a type-only import when 'verbatimModuleSyntax' is enabled.
src/context/AuthContext.tsx(28,14): error TS2339: Property 'table' does not exist on type 'SupabaseClient<Database, "public", "public", never, { PostgrestVersion: "12"; }>'.
src/lib/supabase.ts(2,10): error TS1484: 'Operation' is a type and must be imported using a type-only import when 'verbatimModuleSyntax' is enabled.
src/lib/supabase.ts(2,21): error TS1484: 'Task' is a type and must be imported using a type-only import when 'verbatimModuleSyntax' is enabled.
src/lib/supabase.ts(2,27): error TS1484: 'User' is a type and must be imported using a type-only import when 'verbatimModuleSyntax' is enabled.
src/lib/supabase.ts(2,33): error TS1484: 'ManufacturingOrder' is a type and must be imported using a type-only import when 'verbatimModuleSyntax' is enabled.
src/pages/Dashboard.tsx(3,10): error TS1484: 'User' is a type and must be imported using a type-only import when 'verbatimModuleSyntax' is enabled.
src/pages/Dashboard.tsx(3,16): error TS1484: 'Task' is a type and must be imported using a type-only import when 'verbatimModuleSyntax' is enabled.
src/pages/Dashboard.tsx(31,55): error TS2339: Property 'table' does not exist on type 'SupabaseClient<Database, "public", "public", never, { PostgrestVersion: "12"; }>'.
src/pages/Dashboard.tsx(32,55): error TS2339: Property 'table' does not exist on type 'SupabaseClient<Database, "public", "public", never, { PostgrestVersion: "12"; }>'.
src/pages/Dashboard.tsx(38,48): error TS7006: Parameter 't' implicitly has an 'any' type.
src/pages/Dashboard.tsx(39,49): error TS7006: Parameter 't' implicitly has an 'any' type.
src/pages/Dashboard.tsx(40,51): error TS7006: Parameter 't' implicitly has an 'any' type.
src/pages/OperationsPage.tsx(3,10): error TS1484: 'Operation' is a type and must be imported using a type-only import when 'verbatimModuleSyntax' is enabled.
src/pages/OperationsPage.tsx(28,14): error TS2339: Property 'table' does not exist on type 'SupabaseClient<Database, "public", "public", never, { PostgrestVersion: "12"; }>'.
src/pages/OperationsPage.tsx(56,22): error TS2339: Property 'table' does not exist on type 'SupabaseClient<Database, "public", "public", never, { PostgrestVersion: "12"; }>'.
src/pages/OperationsPage.tsx(64,22): error TS2339: Property 'table' does not exist on type 'SupabaseClient<Database, "public", "public", never, { PostgrestVersion: "12"; }>'.
src/pages/OperationsPage.tsx(89,18): error TS2339: Property 'table' does not exist on type 'SupabaseClient<Database, "public", "public", never, { PostgrestVersion: "12"; }>'.
